
  ___  ____  ____  ____  ____ ®
 /__    /   ____/   /   ____/      StataNow 19.5
___/   /   /___/   /   /___/       MP—Parallel Edition

 Statistics and Data Science       Copyright 1985-2025 StataCorp LLC
                                   StataCorp
                                   4905 Lakeway Drive
                                   College Station, Texas 77845 USA
                                   800-782-8272        https://www.stata.com
                                   979-696-4600        service@stata.com

Stata license: Single-user 4-core , expiring  8 Aug 2027
Serial number: 501909330131
  Licensed to: arlionn
               sysu

Notes:
      1. Stata is running in batch mode.
      2. Unicode is supported; see help unicode_advice.
      3. More than 2 billion observations are allowed; see help obs_advice.
      4. Maximum number of variables is set to 5,000 but can be increased;
          see help set_maxvar.


Running D:\stata19\profile.do ...

. do D:\github_lianxh\data\blog\reproai-stata\reproai-runs\execution-logs\inspe
> ct_reference_vce.do 

. version 17.0

. cd "D:/github_lianxh/data/blog/reproai-stata/reference-package"
D:\github_lianxh\data\blog\reproai-stata\reference-package

. estimates use "data/regression_robust.ster"

. matrix list e(V)

symmetric e(V)[5,5]
                                            0b.          1.            
                   mpg      weight     foreign     foreign       _cons
       mpg    6520.036
    weight    48.27871   .60468747
0b.foreign           0           0           0
 1.foreign   11174.061   313.11246           0   442140.03
     _cons  -285315.52  -2887.1497           0  -1309350.2    15005726

. display _se[mpg]
80.74674

. display _se[weight]
.77761653

. display _se[1.foreign]
664.93611

. display _se[foreign]
[foreign] not found
r(111);

end of do-file
r(111);
