
  ___  ____  ____  ____  ____ ®
 /__    /   ____/   /   ____/      StataNow 19.5
___/   /   /___/   /   /___/       MP—Parallel Edition

 Statistics and Data Science       Copyright 1985-2025 StataCorp LLC
                                   StataCorp
                                   4905 Lakeway Drive
                                   College Station, Texas 77845 USA
                                   800-782-8272        https://www.stata.com
                                   979-696-4600        service@stata.com

Stata license: Single-user 4-core , expiring  8 Aug 2027
Serial number: 501909330131
  Licensed to: arlionn
               sysu

Notes:
      1. Stata is running in batch mode.
      2. Unicode is supported; see help unicode_advice.
      3. More than 2 billion observations are allowed; see help obs_advice.
      4. Maximum number of variables is set to 5,000 but can be increased;
          see help set_maxvar.


Running D:\stata19\profile.do ...

. do D:\github_lianxh\data\blog\reproai-stata\reproai-runs\execution-logs\run_s
> ource_export.do 

. version 17.0

. cd "D:/github_lianxh/data/blog/reproai-stata"
D:\github_lianxh\data\blog\reproai-stata

. about

StataNow/MP 19.5 for Windows (64-bit x86-64)
Revision 29 Jul 2026
Copyright 1985-2025 StataCorp LLC

Total physical memory:       64.00 GB
Available physical memory:   43.96 GB

Stata license: Single-user 4-core , expiring  8 Aug 2027
Serial number: 501909330131
  Licensed to: arlionn
               sysu

. do "D:/github_lianxh/data/blog/reproai-stata/source/00_export_raw.do"

. version 17.0

. clear all

. set more off

. 
. * Run this file with the project root as the current working directory.
. local project_root "`c(pwd)'"

. 
. sysuse auto, clear
(1978 automobile data)

. gen long car_id = _n

. isid car_id

. 
. preserve

. keep if foreign == 0
(22 observations deleted)

. assert _N == 52

. export delimited using ///
>     "`project_root'/reference-package/raw/auto_domestic.csv", ///
>     replace nolabel
(file
    D:\github_lianxh\data\blog\reproai-stata/reference-package/raw/auto_domes
    > tic.csv not found)
file D:\github_lianxh\data\blog\reproai-stata/reference-package/raw/auto_domest
> ic.csv saved

. copy "`project_root'/reference-package/raw/auto_domestic.csv" ///
>     "`project_root'/broken-package/raw/auto_domestic.csv", replace
(file
    D:\github_lianxh\data\blog\reproai-stata/broken-package/raw/auto_domestic
    > .csv not found)

. restore

. 
. keep if foreign == 1
(52 observations deleted)

. assert _N == 22

. export delimited using ///
>     "`project_root'/reference-package/raw/auto_foreign.csv", ///
>     replace nolabel
(file
    D:\github_lianxh\data\blog\reproai-stata/reference-package/raw/auto_forei
    > gn.csv not found)
file D:\github_lianxh\data\blog\reproai-stata/reference-package/raw/auto_foreig
> n.csv saved

. copy "`project_root'/reference-package/raw/auto_foreign.csv" ///
>     "`project_root'/broken-package/raw/auto_foreign.csv", replace
(file
    D:\github_lianxh\data\blog\reproai-stata/broken-package/raw/auto_foreign.
    > csv not found)

. 
. import delimited ///
>     "`project_root'/reference-package/raw/auto_domestic.csv", clear
(encoding automatically selected: ISO-8859-1)
(13 vars, 52 obs)

. tempfile domestic

. save `domestic'
file C:\Users\ADMINI~1\AppData\Local\Temp\ST_d30_000002.tmp saved as .dta
    format

. import delimited ///
>     "`project_root'/reference-package/raw/auto_foreign.csv", clear
(encoding automatically selected: ISO-8859-1)
(13 vars, 22 obs)

. append using `domestic'
(variable make was str14, now str17 to accommodate using data's values)

. assert _N == 74

. isid car_id

. assert inlist(foreign, 0, 1)

. count if foreign == 0
  52

. assert r(N) == 52

. count if foreign == 1
  22

. assert r(N) == 22

. 
end of do-file

. exit _rc
r(7);

end of do-file
r(7);
