
  ___  ____  ____  ____  ____ ®
 /__    /   ____/   /   ____/      StataNow 19.5
___/   /   /___/   /   /___/       MP—Parallel Edition

 Statistics and Data Science       Copyright 1985-2025 StataCorp LLC
                                   StataCorp
                                   4905 Lakeway Drive
                                   College Station, Texas 77845 USA
                                   800-782-8272        https://www.stata.com
                                   979-696-4600        service@stata.com

Stata license: Single-user 4-core , expiring  8 Aug 2027
Serial number: 501909330131
  Licensed to: arlionn
               sysu

Notes:
      1. Stata is running in batch mode.
      2. Unicode is supported; see help unicode_advice.
      3. More than 2 billion observations are allowed; see help obs_advice.
      4. Maximum number of variables is set to 5,000 but can be increased;
          see help set_maxvar.


Running D:\stata19\profile.do ...

. do D:\github_lianxh\data\blog\reproai-stata\reference-package\master.do 

. version 17.0

. clear all

. set more off

. 
. capture mkdir "data"

. capture mkdir "tables"

. capture mkdir "figures"

. capture mkdir "logs"

. capture log close _all

. log using "logs/reference_run.log", text replace
(file D:\stata\personal\logs/reference_run.log not found)
-------------------------------------------------------------------------------
      name:  <unnamed>
       log:  D:\stata\personal\logs/reference_run.log
  log type:  text
 opened on:  23 Aug 2026, 16:47:14

. 
. capture noisily do "code/01_import_append.do"
file code/01_import_append.do not found

. if _rc {
.     local rc = _rc
.     log close
      name:  <unnamed>
       log:  D:\stata\personal\logs/reference_run.log
  log type:  text
 closed on:  23 Aug 2026, 16:47:14
-------------------------------------------------------------------------------
.     exit `rc'
r(601);
. }
r(601);

end of do-file
r(601);
