
  ___  ____  ____  ____  ____ ®
 /__    /   ____/   /   ____/      StataNow 19.5
___/   /   /___/   /   /___/       MP—Parallel Edition

 Statistics and Data Science       Copyright 1985-2025 StataCorp LLC
                                   StataCorp
                                   4905 Lakeway Drive
                                   College Station, Texas 77845 USA
                                   800-782-8272        https://www.stata.com
                                   979-696-4600        service@stata.com

Stata license: Single-user 4-core , expiring  8 Aug 2027
Serial number: 501909330131
  Licensed to: arlionn
               sysu

Notes:
      1. Stata is running in batch mode.
      2. Unicode is supported; see help unicode_advice.
      3. More than 2 billion observations are allowed; see help obs_advice.
      4. Maximum number of variables is set to 5,000 but can be increased;
          see help set_maxvar.


Running D:\stata19\profile.do ...

. do C:\tmp\xtgfe_g4_export.do 

. version 19.0

. clear all

. set more off

. cd "D:/github_lianxh/data/stata/xtgfe"
D:\github_lianxh\data\stata\xtgfe

. use "xtgfe_bm2015.dta", clear

. xtset code year, delta(5)

Panel variable: code (strongly balanced)
 Time variable: year, 1970 to 2000
         Delta: 5 units

. set seed 8273647

. xtgfe fhpolrigaug lag_dem lag_income, ///
>     groups(4) generate(gfe_group4) showfreq showalpha
................

----------------------------------------------------------------------
Grouped fixed-effects estimator (Bonhomme-Manresa 2015)
Algorithm 2, time-varying group effects
Random starts: 16   Neighbors: 9   VNS steps: 128
Dependent variable: fhpolrigaug
Units: 90   Periods: 7   Complete obs: 630
Number of groups: 4   (cluster-sandwich s.e.)
SSR =      14.3187   log-likelihood =      298.078
Elapsed time =     21.31 seconds
----------------------------------------------------------------------
------------------------------------------------------------------------------
 fhpolrigaug | Coefficient  Std. err.      z    P>|z|     [95% conf. interval]
-------------+----------------------------------------------------------------
     lag_dem |      0.302      0.055     5.53   0.000        0.195       0.409
  lag_income |      0.082      0.010     8.64   0.000        0.064       0.101
------------------------------------------------------------------------------
Long-run effects, b/(1 - b[lag_dem]):
(lag_dem detected as the lagged dependent variable)
--------------------------------------------------------------
    variable   coefficient   std. err.       z     P>|z|
--------------------------------------------------------------
  lag_income       .117852      .01129   10.44  1.64e-25
--------------------------------------------------------------

Estimated group effects alpha(gt)

---------------------------------------------------------
      period |    Group1     Group2     Group3     Group4 
-------------+-------------------------------------------
       t1970 |   -0.0762    -0.5961    -0.5714    -0.4741 
       t1975 |   -0.1267    -0.3561    -0.5155    -0.5463 
       t1980 |   -0.1364    -0.2418    -0.4333    -0.4190 
       t1985 |   -0.0927    -0.0756    -0.4950    -0.5147 
       t1990 |   -0.1281    -0.0797    -0.4700    -0.3402 
       t1995 |   -0.1789    -0.1702    -0.5290    -0.0511 
       t2000 |   -0.1419    -0.1113    -0.4539    -0.0776 
---------------------------------------------------------
Number of units per group:
  Group  1:    33
  Group  2:    13
  Group  3:    26
  Group  4:    18

Group assignments saved in variable gfe_group4
Units per group:

 gfe_group4 |      Freq.     Percent        Cum.
------------+-----------------------------------
          1 |         33       36.67       36.67
          2 |         13       14.44       51.11
          3 |         26       28.89       80.00
          4 |         18       20.00      100.00
------------+-----------------------------------
      Total |         90      100.00

. preserve

.     keep code ccode country gfe_group4

.     duplicates drop

Duplicates in terms of all variables

(540 observations deleted)

.     sort gfe_group4 country

.     export delimited using "xtgfe_g4_country_groups.csv", replace
(file xtgfe_g4_country_groups.csv not found)
file xtgfe_g4_country_groups.csv saved

. restore

. xtgfe plot, ///
>     title("Estimated group-specific time effects, G = 4") ///
>     xlabel(1970(5)2000) ///
>     xtitle("Year") ///
>     ytitle("Estimated group-time effect") ///
>     name(gfe_alpha4, replace)

. graph export "xtgfe_g4_alpha_test.png", replace width(1600)
file xtgfe_g4_alpha_test.png saved as PNG format

. xtgfe plot, means ///
>     title("Mean democracy paths by latent group, G = 4") ///
>     xlabel(1970(5)2000) ///
>     xtitle("Year") ///
>     ytitle("Mean democracy index") ///
>     name(gfe_means4, replace)

. graph export "xtgfe_g4_means_test.png", replace width(1600)
file xtgfe_g4_means_test.png saved as PNG format

. exit, clear STATA

end of do-file
