
  ___  ____  ____  ____  ____ ®
 /__    /   ____/   /   ____/      StataNow 19.5
___/   /   /___/   /   /___/       MP—Parallel Edition

 Statistics and Data Science       Copyright 1985-2025 StataCorp LLC
                                   StataCorp
                                   4905 Lakeway Drive
                                   College Station, Texas 77845 USA
                                   800-782-8272        https://www.stata.com
                                   979-696-4600        service@stata.com

Stata license: Single-user 4-core , expiring  8 Aug 2027
Serial number: 501909330131
  Licensed to: arlionn
               sysu

Notes:
      1. Stata is running in batch mode.
      2. Unicode is supported; see help unicode_advice.
      3. More than 2 billion observations are allowed; see help obs_advice.
      4. Maximum number of variables is set to 5,000 but can be increased;
          see help set_maxvar.


Running D:\stata19\profile.do ...

. do C:\tmp\xtgfe_bootstrap_round2.do 

. version 19.0

. clear all

. set more off

. capture log close _all

. log using "C:/tmp/xtgfe_bootstrap_round2.log", text replace
-------------------------------------------------------------------------------
      name:  <unnamed>
       log:  C:/tmp/xtgfe_bootstrap_round2.log
  log type:  text
 opened on:   5 Aug 2026, 17:15:15

. 
. about

StataNow/MP 19.5 for Windows (64-bit x86-64)
Revision 29 Jul 2026
Copyright 1985-2025 StataCorp LLC

Total physical memory:       64.00 GB
Available physical memory:   46.62 GB

Stata license: Single-user 4-core , expiring  8 Aug 2027
Serial number: 501909330131
  Licensed to: arlionn
               sysu

. which xtgfe
D:/stata/plus\x\xtgfe.ado
*! xtgfe 1.5.5 - Grouped Fixed Effects, Bonhomme & Manresa (2015, Econometrica)
*! Author: H. Ozan Eruygur, AHBV University, Ankara, Turkiye
*!         https://www.ozaneruygur.com - eruygur@gmail.com
*!         Eruygur Academy and Consulting (Eruygur Akademi ve Danismanlik) - ht
> tps://www.eruygurakademi.com
*! Balanced + unbalanced panels, Algorithm 1 (iterative) & 2 (VNS),
*! cluster-sandwich (default), bootstrap & Pollard fixed-T SEs,
*! BIC group-number selection.
*! Ported from: BM (2015) Fortran/Stata/MATLAB replication code and the gretl
*! GFE package by Lucchetti, Pionati & Valentini.

. cd "D:/github_lianxh/data/stata/xtgfe"
D:\github_lianxh\data\stata\xtgfe

. 
. foreach reps in 499 999 {
  2.     clear
  3.     use "xtgfe_bm2015.dta", clear
  4.     xtset code year, delta(5)
  5.     set seed 8273647
  6.     timer clear
  7.     timer on 1
  8.     xtgfe fhpolrigaug lag_dem lag_income, ///
>         groups(10) vce(bootstrap) reps(`reps')
  9.     timer off 1
 10.     timer list 1
 11.     ereturn list
 12.     matrix list e(bootreps)
 13.     matrix BR = e(bootreps)
 14.     clear
 15.     svmat double BR, names(col)
 16.     rename c1 lag_dem
 17.     rename c2 lag_income
 18.     count
 19.     misstable summarize
 20.     summarize lag_dem lag_income, detail
 21.     export delimited using "bootstrap_`reps'_reps.csv", replace
 22. }

Panel variable: code (strongly balanced)
 Time variable: year, 1970 to 2000
         Delta: 5 units
.........................
bootstrap: .................................................

----------------------------------------------------------------------
Grouped fixed-effects estimator (Bonhomme-Manresa 2015)
Algorithm 2, time-varying group effects
Random starts: 25   Neighbors: 9   VNS steps: 128
Dependent variable: fhpolrigaug
Units: 90   Periods: 7   Complete obs: 630
Number of groups: 10   (bootstrap s.e., 499 reps)
SSR =      7.74906   log-likelihood =      491.485
Elapsed time =     93.52 seconds
----------------------------------------------------------------------
------------------------------------------------------------------------------
             |   Observed
 fhpolrigaug | coefficient  Std. err.      z    P>|z|     [95% conf. interval]
-------------+----------------------------------------------------------------
     lag_dem |      0.277      0.230     1.21   0.227       -0.173       0.727
  lag_income |      0.075      0.018     4.07   0.000        0.039       0.111
------------------------------------------------------------------------------
Long-run effects, b/(1 - b[lag_dem]):
(lag_dem detected as the lagged dependent variable)
--------------------------------------------------------------
    variable   coefficient   std. err.       z     P>|z|
--------------------------------------------------------------
  lag_income       .104117      .02691    3.87   .000109
--------------------------------------------------------------
Number of units per group:
  Group  1:     2
  Group  2:     3
  Group  3:     3
  Group  4:    18
  Group  5:     8
  Group  6:     3
  Group  7:    11
  Group  8:     7
  Group  9:     6
  Group 10:    29

Group assignments saved in variable gfe_group
   1:     95.81 /        1 =      95.8050

scalars:
                  e(N) =  630
                e(ssr) =  7.749062745618718
                 e(ll) =  491.4853186866614
                  e(G) =  10
            e(N_units) =  90
                  e(T) =  7
          e(algorithm) =  2
               e(tvar) =  1
              e(etime) =  93.523
         e(randstarts) =  25
          e(neighbors) =  9
              e(steps) =  128

macros:
                e(cmd) : "xtgfe"
             e(depvar) : "fhpolrigaug"
                e(vce) : "bootstrap"
           e(groupvar) : "gfe_group"
           e(panelvar) : "code"
            e(timevar) : "year"
         e(properties) : "b V"

matrices:
                  e(b) :  1 x 2
                  e(V) :  2 x 2
           e(bootreps) :  499 x 2
               e(objs) :  25 x 1
              e(tvals) :  7 x 1
              e(alpha) :  7 x 10

functions:
             e(sample)   

e(bootreps)[499,2]
             c1         c2
  r1  .43537233  .06323369
  r2  .60844421  .04793671
  r3  .50228247  .06652865
  r4   .3907692  .05888429
  r5  .40010623  .06220631
  r6  .39843746  .07981298
  r7  .44058934  .05373556
  r8  .37809234  .07652604
  r9  .64577273   .0649986
 r10  .46898655  .06226228
 r11  .48953704  .07584942
 r12  .44567887  .06438412
 r13  .59911097  .07968647
 r14  .39128626  .07447115
 r15  .33066792  .07514458
 r16  .38319019  .06795298
 r17  .33229848   .0989521
 r18  .54806313  .05129971
 r19  .69682256  .06842904
 r20  .38859534  .06355017
 r21  .43044631   .0796223
 r22   .5257089   .0435782
 r23  .24708136  .10126421
 r24  .60296274   .0655322
 r25  .66384939  .06951321
 r26  .35174341  .06239909
 r27    .283577  .08362088
 r28  .51971043  .06551986
 r29  .44573758  .06805744
 r30  .57264965  .06011304
 r31  .43132276  .05974462
 r32  .43271179   .0548745
 r33  .32047353  .09781968
 r34  .45011545  .05717967
 r35  .60020848  .06911792
 r36  .54720642     .06628
 r37  .43712696  .07517249
 r38   .4651283  .07353018
 r39  .40062794  .06666346
 r40  .37780151  .07443323
 r41  .58088774  .14481952
 r42  .54622235  .05731452
 r43  .31299896  .05624918
 r44  .44483748  .04677034
 r45  .59188938   .1014682
 r46  .56024771  .06903585
 r47  .58107152  .05869713
 r48  .65685323   .0583585
 r49  .53120657  .04732989
 r50  .50682307  .04901818
 r51  .46458503  .06630221
 r52  .43845652  .05595112
 r53  .62616728  .06276432
 r54  .33712837  .08414402
 r55  .52265772  .07373212
 r56  .46660223  .06572834
 r57  .48859891  .05868647
 r58  .42446428  .06443818
 r59  .55533674  .07443257
 r60   .4539193  .07793372
 r61  .63852776  .06865616
 r62  .53010249  .04403896
 r63  .41609015  .06936841
 r64   .3244067  .07085909
 r65  .55096804   .0615927
 r66  .41165254  .07628486
 r67  .38799355  .04782119
 r68  .54219608  .05067329
 r69  .60725213  .05718747
 r70  .59389993  .08430831
 r71  .52699449  .04733176
 r72   .5001688  .04850213
 r73  .57651099  .08827851
 r74  .44635486  .07608409
 r75  .55013315  .05413796
 r76  .35972728  .06679788
 r77  .39802384  .05498963
 r78  .46642223   .0687209
 r79  .42484323  .06710783
 r80  .49844525  .04321498
 r81  .56402539  .09028024
 r82   .5151743  .08788366
 r83  .43365931  .06879716
 r84  .49962674  .05973111
 r85  .88251994  .04028968
 r86  .64413842  .05299053
 r87    .608023  .08972802
 r88  .35807479   .0856591
 r89    .498599  .06237136
 r90   .6825869  .05230646
 r91  .37246067  .05908445
 r92  .49832779  .13548838
 r93  .30618805  .12259782
 r94  .51265354  .06943516
 r95  .30586737  .05217525
 r96  .56668678  .05788278
 r97  .59715207  .06001409
 r98  .67857063  .04347366
 r99  .39233186  .06030695
r100  .51833809  .05724522
r101  .57895881  .07563912
r102  .51894205  .05062787
r103  .39054962  .07262101
r104  .36621546  .05763542
r105  .53878397  .05035436
r106  .52858279  .05558306
r107  .29951198   .0749529
r108  .66097372  .06446088
r109  .30133618  .08458913
r110  .44051822  .05791109
r111   .6038772  .07793417
r112  .65781388  .08252564
r113  .37705082  .06104535
r114  .39341319  .06991771
r115  .59222352  .05900596
r116   .4819939   .0620038
r117   .6272017  .06774913
r118  .63380435  .04448775
r119  .57559353  .05259482
r120  .62676734   .0604833
r121  .37420912  .08549854
r122  .47020434   .0825397
r123  .52273986  .06615018
r124  .51537817  .06003983
r125  .51904095  .05558341
r126  .60264143   .0387791
r127   .6572345  .03106863
r128  .48175648  .05089023
r129  .32387576  .07889787
r130  .23500871  .07545559
r131  .41220214  .08412351
r132  .39174108  .05908588
r133  .37084317  .08324731
r134   .4481419  .07306685
r135  .50021465  .09062973
r136  .41046631  .07222075
r137  .46459876  .04874194
r138  .42337947  .03961554
r139  .49718657  .06885179
r140  .26350098   .0783242
r141  .31872816  .05795378
r142  .60025821  .04444235
r143  .51187605  .06677384
r144  .46096707  .05910402
r145  .52902873  .05494495
r146  .59803217  .05065188
r147  .42603887  .07636763
r148  .50352622   .0548233
r149  .34376064   .0722725
r150  .39128599  .06537639
r151  .46692486  .05782252
r152    .241286  .09086405
r153  .42341323  .06513238
r154  .54514928  .06246327
r155  .49262897  .04912765
r156  .50938786  .06814378
r157  .36938563  .06010333
r158   .5549199  .05619496
r159  .51513479  .03002157
r160  .35935716   .0870773
r161  .37214643  .06354684
r162  .41531199  .06101579
r163  .57999893  .04946791
r164  .49713106  .04574903
r165  .56985114  .03868772
r166  .56296436   .0742675
r167  .40549591  .06514911
r168  .45205194  .07111765
r169   .3363953  .07561054
r170  .49777797  .06846215
r171  .60902077  .03523679
r172  .38820073  .07457855
r173  .31390294  .08328544
r174  .38177908  .06616425
r175  .39573862  .04967802
r176   .5433408    .097628
r177  .66281817  .06435998
r178   .5465751  .04673732
r179  .44778307  .07403869
r180  .57298203  .05872906
r181  .48733198  .05446022
r182   .6399879  .06165847
r183  .54160692   .0481133
r184  .44223341  .04009914
r185  .38452314  .06724462
r186  .27941976  .08471521
r187  .48300483  .06264013
r188  .34367702  .05117059
r189  .46429497  .06685383
r190  .40108603  .06817158
r191  .60047036  .06235397
r192  .44053275  .05614897
r193  .46200996  .07390295
r194  .63396153  .06141843
r195  .35030605  .08079089
r196  .54613928  .05211256
r197  .53946534  .04887208
r198  .49978001  .05730803
r199  .49358131  .05057092
r200  .29932652  .06446423
r201  .46524393  .07262709
r202  .30098207  .08679733
r203  .60952098  .05666857
r204  .55505687   .0579834
r205  .45431262  .08552039
r206  .51106496  .04520619
r207  .43893555  .06699372
r208  .41528366  .05589486
r209   .4156034  .08783211
r210  .59751349   .0589762
r211  .50606795  .04995273
r212  .59719527  .06199496
r213  .38114487   .0593489
r214  .59567399  .06166293
r215  .53588957  .05441689
r216  .47219127  .06576149
r217  .48272378  .07380072
r218   .5243548  .06741736
r219  .51985305  .07310686
r220   .5172277  .05827645
r221  .35570273  .07895816
r222  .35829022  .10537637
r223  .25524449  .07087794
r224  .43028404  .09458933
r225  .48236615  .05724234
r226  .35277838  .08202369
r227  .48996952  .06685867
r228  .46345939  .05723725
r229  .40943439  .08841715
r230  .47599321  .05338998
r231  .38560101  .06643896
r232  .39270601  .06038811
r233  .40764009  .06000068
r234  .64623346  .04576449
r235   .3449313  .08192647
r236  .47827163  .06354206
r237  .55108105  .05264774
r238  .32490005  .07703512
r239  .63731691  .09666228
r240   .3937861  .07049427
r241  .53426319  .08166662
r242  .55149243  .09053077
r243  .44180027   .0461401
r244  .34175271  .06397544
r245  .70713699  .04456963
r246   .4391299  .08185706
r247    .559176  .06195192
r248  .43385455  .06230135
r249  .38893859  .07704112
r250  .41732496  .07074987
r251  .44514975  .05174263
r252  .37245801  .04054138
r253  .56226632  .04669287
r254  .36772875  .05942243
r255  .37040205  .08232502
r256  .56683599  .06735778
r257  .37181859  .06982173
r258   .6110016  .05169455
r259  .48574251  .06247622
r260  .47795465  .05227215
r261  .41313411  .06603039
r262  .46050318   .0612893
r263  .45847414  .09264961
r264  .53640755  .06773407
r265  .56613857   .0467631
r266  .45858953  .05629053
r267  .43851891  .09238437
r268  .61221925  .04542377
r269  .44549071  .06091069
r270  .55162062   .0790293
r271  .41894255  .08350158
r272  .58417561   .0550598
r273  .70988449  .07994769
r274   .6770963  .05318605
r275  .30943978  .09119975
r276  .65853872  .05873992
r277  .60316654   .0715546
r278  .41167597   .0693483
r279  .49494957  .06128323
r280   .5581341  .04205118
r281   .4476768  .06363399
r282   .6927979  .05624105
r283  .38841877   .0810037
r284  .39155482  .05376662
r285  .66609233  .05960168
r286  .59852201  .04378284
r287  .39960934  .06326175
r288  .52679592  .05437772
r289  .55718254  .05419281
r290  .34749561  .07728497
r291  .31676037  .06860646
r292  .67078251  .05503909
r293  .42486473  .08336046
r294  .45833431  .05469416
r295  .50488718  .07001999
r296  .44897514  .06010716
r297    .599833  .03592943
r298  .66728188  .03603995
r299  .63558991  .07194984
r300  .57323392  .06578323
r301  .47620875  .05906144
r302  .41123595  .06769948
r303  .26671206  .11420062
r304  .31629573  .06992298
r305  .42575493   .0562945
r306  .40746571  .05655277
r307  .27091175  .09128254
r308  .55398106  .06187712
r309  .34950307  .06046983
r310  .54613867  .08101324
r311  .45673776  .06752096
r312   .4055368  .08234092
r313  .55087045  .06235238
r314  .33226262  .06615346
r315  .55901832  .05879013
r316  .35413984  .07967106
r317  .46203174  .05541445
r318  .43446285  .08459693
r319   .6674174  .04038023
r320  .36763503   .0540641
r321  .45083928   .0517794
r322  .33068328  .06510077
r323  .45690664  .06701455
r324   .6578377  .06012445
r325  .35030994  .05073707
r326  .57254441  .07342847
r327  .44668829  .07239482
r328  .52847764  .05936946
r329  .69265391  .03910547
r330  .67712964  .08200216
r331  .48267517  .07657071
r332  .54518406  .05342518
r333  .50566977  .06380679
r334  .42669352  .06841866
r335  .54444708  .07164925
r336  .26932238  .08806512
r337  .73665096  .08688465
r338  .41019217  .05887156
r339  .52760517  .04804648
r340  .45880978  .06297014
r341  .60222414  .04606108
r342  .32115973   .0869235
r343  .35007084  .07653598
r344  .51439606  .07651873
r345  .56624986  .07136725
r346  .45022896  .03899598
r347  .54460362  .05706701
r348  .37358885  .08831745
r349   .3160878  .08013439
r350  .64826608  .05852943
r351  .41654909  .07403268
r352  .47299258  .06717119
r353  .38142637  .08916172
r354  .43583858  .04604949
r355  .49620525  .05862604
r356  .51964035  .06691596
r357  .67029532  .06884069
r358  .42342038  .07660094
r359  .38743892  .05556625
r360   .3482983  .06345917
r361  .35022936  .06394748
r362  .42934433  .05623322
r363  .49415547  .06095287
r364  .54748601  .06055355
r365  .47012207  .05557456
r366  .64666259  .06744156
r367   .6038315  .02858346
r368  .38625109  .06033315
r369  .50317231  .04239945
r370  .47653668  .06408319
r371  .64457021  .05508469
r372  .41520262   .0698964
r373    .575334  .10693809
r374  .41783146  .06878671
r375  .61706733   .0684982
r376  .49629582  .06329021
r377  .51380458  .06207705
r378  .36801018  .05824912
r379  .48028144  .08605195
r380  .56810674  .05728934
r381  .46413421  .05093689
r382  .47819279  .05062865
r383  .47741254  .05588203
r384  .45823604   .0773386
r385  .38752216  .06681748
r386   .4442866  .05322573
r387  .48094886  .06358573
r388  .61709711  .05768685
r389  .41414259  .01647718
r390  .67582829  .05732334
r391  .55458109  .05083378
r392  .56506797  .07381083
r393  .44318369  .05434306
r394  .53258423  .06128856
r395  .31386802  .07016986
r396  .50086726  .06342973
r397  .56369625   .0619682
r398  .60335494  .05337337
r399  .46761921    .069316
r400   .3994481  .06387454
r401  .48124094  .05086376
r402  .39923036  .05390026
r403  .53237471  .07438843
r404  .60499509  .06192708
r405  .41115938  .07559909
r406  .38568543  .06323069
r407  .41299548  .07168203
r408  .63275104  .11051382
r409   .4262539  .07870985
r410   .5368173  .04571991
r411  .39955973  .05369449
r412  .51118769  .06067001
r413  .51555258  .08114643
r414  .40931442  .06336624
r415  .68425122  .03533985
r416  .48879929  .06394709
r417    .436188  .05971074
r418  .62558529  .04795119
r419  .36240541  .08384356
r420   .5931148  .05838592
r421  .30833093  .08459127
r422  .39953285  .06855633
r423  .52687556  .05482483
r424  .46748381  .07187298
r425  .43553998  .06389333
r426  .32714271  .07006343
r427  .38323973  .08610431
r428   .4624393  .05833831
r429  .48477035  .07569887
r430  .39867962  .05370218
r431   .4210928  .05672851
r432  .48574481  .05867738
r433  .45989887  .07642429
r434  .33960725  .07363516
r435  .48386805  .05890386
r436  .52143834  .05298549
r437  .62876637  .08887041
r438  .53342273  .06244088
r439  .55090526  .05693213
r440  .41931008  .06631454
r441  .61159622  .07677487
r442  .37056206  .04567601
r443  .64073489  .06435747
r444  .43696742  .06261493
r445  .16932597  .15710895
r446  .60646887  .07697048
r447   .4599387  .05137663
r448  .52436372  .05590806
r449  .52781882  .05399532
r450  .44356397  .07094539
r451  .38106405  .07489175
r452  .60231495  .04810601
r453  .63698467  .06638344
r454  .42787467  .05959925
r455  .34451146  .05539953
r456  .59799923  .07909533
r457  .47812788  .05403528
r458  .64564165  .06700758
r459  .41118141  .05986515
r460  .39755217  .07541334
r461  .43043126  .07516077
r462  .45248077  .08218206
r463  .58405251  .05397421
r464  .34946324  .08405517
r465  .59421969   .0459162
r466   .3827221  .08714135
r467  .55207466  .03619272
r468  .47680099  .05633136
r469  .47536265  .06605461
r470  .23758984  .07402217
r471  .55522368  .05836906
r472  .57393461  .06339389
r473  .59671131  .06006944
r474  .67491652  .04320501
r475  .43215236  .10464442
r476   .4181859  .06530139
r477  .53494492  .05164058
r478  .61942421  .06734939
r479  .51476127   .0743173
r480  .44182388  .05019162
r481  .51699354  .06017629
r482  .35781409  .07377027
r483  .62243292  .06314379
r484  .48069327  .06050282
r485  .39062046  .05476139
r486  .38085604  .08142063
r487  .46995489  .06862326
r488  .72685937  .04320667
r489  .34546157  .06810119
r490  .60436984  .09537111
r491  .57284104  .05884481
r492   .6203321  .06129818
r493  .42517837   .0538677
r494  .40818621   .0702172
r495  .42350771  .04636791
r496   .6498146  .05116588
r497  .55144496  .09070251
r498  .38243437  .06577573
r499  .48714328  .05412141
number of observations will be reset to 499
Press any key to continue, or Break to abort
Number of observations (_N) was 0, now 499.
  499
(variables nonmissing or string)

                           lag_dem
-------------------------------------------------------------
      Percentiles      Smallest
 1%     .2470814        .169326
 5%     .3162957       .2350087
10%     .3495031       .2375898       Obs                 499
25%      .401086        .241286       Sum of wgt.         499

50%     .4762087                      Mean           .4812219
                        Largest       Std. dev.      .1051497
75%     .5552237       .7098845
90%     .6255853       .7268594       Variance       .0110565
95%     .6578377        .736651       Skewness       .1394016
99%      .707137       .8825199       Kurtosis       2.746684

                         lag_income
-------------------------------------------------------------
      Percentiles      Smallest
 1%     .0352368       .0164772
 5%     .0435782       .0285835
10%     .0479512       .0300216       Obs                 499
25%     .0555746       .0310686       Sum of wgt.         499

50%     .0633939                      Mean            .065294
                        Largest       Std. dev.      .0155539
75%     .0740222       .1225978
90%     .0843083       .1354884       Variance       .0002419
95%     .0905308       .1448195       Skewness        1.13206
99%     .1142006       .1571089       Kurtosis       7.289094
(file bootstrap_499_reps.csv not found)
file bootstrap_499_reps.csv saved

Panel variable: code (strongly balanced)
 Time variable: year, 1970 to 2000
         Delta: 5 units
.........................
bootstrap: ....................................................................
> ...............................

----------------------------------------------------------------------
Grouped fixed-effects estimator (Bonhomme-Manresa 2015)
Algorithm 2, time-varying group effects
Random starts: 25   Neighbors: 9   VNS steps: 128
Dependent variable: fhpolrigaug
Units: 90   Periods: 7   Complete obs: 630
Number of groups: 10   (bootstrap s.e., 999 reps)
SSR =      7.74906   log-likelihood =      491.485
Elapsed time =    155.44 seconds
----------------------------------------------------------------------
------------------------------------------------------------------------------
             |   Observed
 fhpolrigaug | coefficient  Std. err.      z    P>|z|     [95% conf. interval]
-------------+----------------------------------------------------------------
     lag_dem |      0.277      0.229     1.21   0.225       -0.171       0.725
  lag_income |      0.075      0.018     4.18   0.000        0.040       0.111
------------------------------------------------------------------------------
Long-run effects, b/(1 - b[lag_dem]):
(lag_dem detected as the lagged dependent variable)
--------------------------------------------------------------
    variable   coefficient   std. err.       z     P>|z|
--------------------------------------------------------------
  lag_income       .104117     .025989    4.01  .0000617
--------------------------------------------------------------
Number of units per group:
  Group  1:     2
  Group  2:     3
  Group  3:     3
  Group  4:    18
  Group  5:     8
  Group  6:     3
  Group  7:    11
  Group  8:     7
  Group  9:     6
  Group 10:    29

Group assignments saved in variable gfe_group
   1:    155.47 /        1 =     155.4680

scalars:
                  e(N) =  630
                e(ssr) =  7.749062745618718
                 e(ll) =  491.4853186866614
                  e(G) =  10
            e(N_units) =  90
                  e(T) =  7
          e(algorithm) =  2
               e(tvar) =  1
              e(etime) =  155.44
         e(randstarts) =  25
          e(neighbors) =  9
              e(steps) =  128

macros:
                e(cmd) : "xtgfe"
             e(depvar) : "fhpolrigaug"
                e(vce) : "bootstrap"
           e(groupvar) : "gfe_group"
           e(panelvar) : "code"
            e(timevar) : "year"
         e(properties) : "b V"

matrices:
                  e(b) :  1 x 2
                  e(V) :  2 x 2
           e(bootreps) :  999 x 2
               e(objs) :  25 x 1
              e(tvals) :  7 x 1
              e(alpha) :  7 x 10

functions:
             e(sample)   

e(bootreps)[999,2]
             c1         c2
  r1  .43537233  .06323369
  r2  .60844421  .04793671
  r3  .50228247  .06652865
  r4   .3907692  .05888429
  r5  .40010623  .06220631
  r6  .39843746  .07981298
  r7  .44058934  .05373556
  r8  .37809234  .07652604
  r9  .64577273   .0649986
 r10  .46898655  .06226228
 r11  .48953704  .07584942
 r12  .44567887  .06438412
 r13  .59911097  .07968647
 r14  .39128626  .07447115
 r15  .33066792  .07514458
 r16  .38319019  .06795298
 r17  .33229848   .0989521
 r18  .54806313  .05129971
 r19  .69682256  .06842904
 r20  .38859534  .06355017
 r21  .43044631   .0796223
 r22   .5257089   .0435782
 r23  .24708136  .10126421
 r24  .60296274   .0655322
 r25  .66384939  .06951321
 r26  .35174341  .06239909
 r27    .283577  .08362088
 r28  .51971043  .06551986
 r29  .44573758  .06805744
 r30  .57264965  .06011304
 r31  .43132276  .05974462
 r32  .43271179   .0548745
 r33  .32047353  .09781968
 r34  .45011545  .05717967
 r35  .60020848  .06911792
 r36  .54720642     .06628
 r37  .43712696  .07517249
 r38   .4651283  .07353018
 r39  .40062794  .06666346
 r40  .37780151  .07443323
 r41  .58088774  .14481952
 r42  .54622235  .05731452
 r43  .31299896  .05624918
 r44  .44483748  .04677034
 r45  .59188938   .1014682
 r46  .56024771  .06903585
 r47  .58107152  .05869713
 r48  .65685323   .0583585
 r49  .53120657  .04732989
 r50  .50682307  .04901818
 r51  .46458503  .06630221
 r52  .43845652  .05595112
 r53  .62616728  .06276432
 r54  .33712837  .08414402
 r55  .52265772  .07373212
 r56  .46660223  .06572834
 r57  .48859891  .05868647
 r58  .42446428  .06443818
 r59  .55533674  .07443257
 r60   .4539193  .07793372
 r61  .63852776  .06865616
 r62  .53010249  .04403896
 r63  .41609015  .06936841
 r64   .3244067  .07085909
 r65  .55096804   .0615927
 r66  .41165254  .07628486
 r67  .38799355  .04782119
 r68  .54219608  .05067329
 r69  .60725213  .05718747
 r70  .59389993  .08430831
 r71  .52699449  .04733176
 r72   .5001688  .04850213
 r73  .57651099  .08827851
 r74  .44635486  .07608409
 r75  .55013315  .05413796
 r76  .35972728  .06679788
 r77  .39802384  .05498963
 r78  .46642223   .0687209
 r79  .42484323  .06710783
 r80  .49844525  .04321498
 r81  .56402539  .09028024
 r82   .5151743  .08788366
 r83  .43365931  .06879716
 r84  .49962674  .05973111
 r85  .88251994  .04028968
 r86  .64413842  .05299053
 r87    .608023  .08972802
 r88  .35807479   .0856591
 r89    .498599  .06237136
 r90   .6825869  .05230646
 r91  .37246067  .05908445
 r92  .49832779  .13548838
 r93  .30618805  .12259782
 r94  .51265354  .06943516
 r95  .30586737  .05217525
 r96  .56668678  .05788278
 r97  .59715207  .06001409
 r98  .67857063  .04347366
 r99  .39233186  .06030695
r100  .51833809  .05724522
r101  .57895881  .07563912
r102  .51894205  .05062787
r103  .39054962  .07262101
r104  .36621546  .05763542
r105  .53878397  .05035436
r106  .52858279  .05558306
r107  .29951198   .0749529
r108  .66097372  .06446088
r109  .30133618  .08458913
r110  .44051822  .05791109
r111   .6038772  .07793417
r112  .65781388  .08252564
r113  .37705082  .06104535
r114  .39341319  .06991771
r115  .59222352  .05900596
r116   .4819939   .0620038
r117   .6272017  .06774913
r118  .63380435  .04448775
r119  .57559353  .05259482
r120  .62676734   .0604833
r121  .37420912  .08549854
r122  .47020434   .0825397
r123  .52273986  .06615018
r124  .51537817  .06003983
r125  .51904095  .05558341
r126  .60264143   .0387791
r127   .6572345  .03106863
r128  .48175648  .05089023
r129  .32387576  .07889787
r130  .23500871  .07545559
r131  .41220214  .08412351
r132  .39174108  .05908588
r133  .37084317  .08324731
r134   .4481419  .07306685
r135  .50021465  .09062973
r136  .41046631  .07222075
r137  .46459876  .04874194
r138  .42337947  .03961554
r139  .49718657  .06885179
r140  .26350098   .0783242
r141  .31872816  .05795378
r142  .60025821  .04444235
r143  .51187605  .06677384
r144  .46096707  .05910402
r145  .52902873  .05494495
r146  .59803217  .05065188
r147  .42603887  .07636763
r148  .50352622   .0548233
r149  .34376064   .0722725
r150  .39128599  .06537639
r151  .46692486  .05782252
r152    .241286  .09086405
r153  .42341323  .06513238
r154  .54514928  .06246327
r155  .49262897  .04912765
r156  .50938786  .06814378
r157  .36938563  .06010333
r158   .5549199  .05619496
r159  .51513479  .03002157
r160  .35935716   .0870773
r161  .37214643  .06354684
r162  .41531199  .06101579
r163  .57999893  .04946791
r164  .49713106  .04574903
r165  .56985114  .03868772
r166  .56296436   .0742675
r167  .40549591  .06514911
r168  .45205194  .07111765
r169   .3363953  .07561054
r170  .49777797  .06846215
r171  .60902077  .03523679
r172  .38820073  .07457855
r173  .31390294  .08328544
r174  .38177908  .06616425
r175  .39573862  .04967802
r176   .5433408    .097628
r177  .66281817  .06435998
r178   .5465751  .04673732
r179  .44778307  .07403869
r180  .57298203  .05872906
r181  .48733198  .05446022
r182   .6399879  .06165847
r183  .54160692   .0481133
r184  .44223341  .04009914
r185  .38452314  .06724462
r186  .27941976  .08471521
r187  .48300483  .06264013
r188  .34367702  .05117059
r189  .46429497  .06685383
r190  .40108603  .06817158
r191  .60047036  .06235397
r192  .44053275  .05614897
r193  .46200996  .07390295
r194  .63396153  .06141843
r195  .35030605  .08079089
r196  .54613928  .05211256
r197  .53946534  .04887208
r198  .49978001  .05730803
r199  .49358131  .05057092
r200  .29932652  .06446423
r201  .46524393  .07262709
r202  .30098207  .08679733
r203  .60952098  .05666857
r204  .55505687   .0579834
r205  .45431262  .08552039
r206  .51106496  .04520619
r207  .43893555  .06699372
r208  .41528366  .05589486
r209   .4156034  .08783211
r210  .59751349   .0589762
r211  .50606795  .04995273
r212  .59719527  .06199496
r213  .38114487   .0593489
r214  .59567399  .06166293
r215  .53588957  .05441689
r216  .47219127  .06576149
r217  .48272378  .07380072
r218   .5243548  .06741736
r219  .51985305  .07310686
r220   .5172277  .05827645
r221  .35570273  .07895816
r222  .35829022  .10537637
r223  .25524449  .07087794
r224  .43028404  .09458933
r225  .48236615  .05724234
r226  .35277838  .08202369
r227  .48996952  .06685867
r228  .46345939  .05723725
r229  .40943439  .08841715
r230  .47599321  .05338998
r231  .38560101  .06643896
r232  .39270601  .06038811
r233  .40764009  .06000068
r234  .64623346  .04576449
r235   .3449313  .08192647
r236  .47827163  .06354206
r237  .55108105  .05264774
r238  .32490005  .07703512
r239  .63731691  .09666228
r240   .3937861  .07049427
r241  .53426319  .08166662
r242  .55149243  .09053077
r243  .44180027   .0461401
r244  .34175271  .06397544
r245  .70713699  .04456963
r246   .4391299  .08185706
r247    .559176  .06195192
r248  .43385455  .06230135
r249  .38893859  .07704112
r250  .41732496  .07074987
r251  .44514975  .05174263
r252  .37245801  .04054138
r253  .56226632  .04669287
r254  .36772875  .05942243
r255  .37040205  .08232502
r256  .56683599  .06735778
r257  .37181859  .06982173
r258   .6110016  .05169455
r259  .48574251  .06247622
r260  .47795465  .05227215
r261  .41313411  .06603039
r262  .46050318   .0612893
r263  .45847414  .09264961
r264  .53640755  .06773407
r265  .56613857   .0467631
r266  .45858953  .05629053
r267  .43851891  .09238437
r268  .61221925  .04542377
r269  .44549071  .06091069
r270  .55162062   .0790293
r271  .41894255  .08350158
r272  .58417561   .0550598
r273  .70988449  .07994769
r274   .6770963  .05318605
r275  .30943978  .09119975
r276  .65853872  .05873992
r277  .60316654   .0715546
r278  .41167597   .0693483
r279  .49494957  .06128323
r280   .5581341  .04205118
r281   .4476768  .06363399
r282   .6927979  .05624105
r283  .38841877   .0810037
r284  .39155482  .05376662
r285  .66609233  .05960168
r286  .59852201  .04378284
r287  .39960934  .06326175
r288  .52679592  .05437772
r289  .55718254  .05419281
r290  .34749561  .07728497
r291  .31676037  .06860646
r292  .67078251  .05503909
r293  .42486473  .08336046
r294  .45833431  .05469416
r295  .50488718  .07001999
r296  .44897514  .06010716
r297    .599833  .03592943
r298  .66728188  .03603995
r299  .63558991  .07194984
r300  .57323392  .06578323
r301  .47620875  .05906144
r302  .41123595  .06769948
r303  .26671206  .11420062
r304  .31629573  .06992298
r305  .42575493   .0562945
r306  .40746571  .05655277
r307  .27091175  .09128254
r308  .55398106  .06187712
r309  .34950307  .06046983
r310  .54613867  .08101324
r311  .45673776  .06752096
r312   .4055368  .08234092
r313  .55087045  .06235238
r314  .33226262  .06615346
r315  .55901832  .05879013
r316  .35413984  .07967106
r317  .46203174  .05541445
r318  .43446285  .08459693
r319   .6674174  .04038023
r320  .36763503   .0540641
r321  .45083928   .0517794
r322  .33068328  .06510077
r323  .45690664  .06701455
r324   .6578377  .06012445
r325  .35030994  .05073707
r326  .57254441  .07342847
r327  .44668829  .07239482
r328  .52847764  .05936946
r329  .69265391  .03910547
r330  .67712964  .08200216
r331  .48267517  .07657071
r332  .54518406  .05342518
r333  .50566977  .06380679
r334  .42669352  .06841866
r335  .54444708  .07164925
r336  .26932238  .08806512
r337  .73665096  .08688465
r338  .41019217  .05887156
r339  .52760517  .04804648
r340  .45880978  .06297014
r341  .60222414  .04606108
r342  .32115973   .0869235
r343  .35007084  .07653598
r344  .51439606  .07651873
r345  .56624986  .07136725
r346  .45022896  .03899598
r347  .54460362  .05706701
r348  .37358885  .08831745
r349   .3160878  .08013439
r350  .64826608  .05852943
r351  .41654909  .07403268
r352  .47299258  .06717119
r353  .38142637  .08916172
r354  .43583858  .04604949
r355  .49620525  .05862604
r356  .51964035  .06691596
r357  .67029532  .06884069
r358  .42342038  .07660094
r359  .38743892  .05556625
r360   .3482983  .06345917
r361  .35022936  .06394748
r362  .42934433  .05623322
r363  .49415547  .06095287
r364  .54748601  .06055355
r365  .47012207  .05557456
r366  .64666259  .06744156
r367   .6038315  .02858346
r368  .38625109  .06033315
r369  .50317231  .04239945
r370  .47653668  .06408319
r371  .64457021  .05508469
r372  .41520262   .0698964
r373    .575334  .10693809
r374  .41783146  .06878671
r375  .61706733   .0684982
r376  .49629582  .06329021
r377  .51380458  .06207705
r378  .36801018  .05824912
r379  .48028144  .08605195
r380  .56810674  .05728934
r381  .46413421  .05093689
r382  .47819279  .05062865
r383  .47741254  .05588203
r384  .45823604   .0773386
r385  .38752216  .06681748
r386   .4442866  .05322573
r387  .48094886  .06358573
r388  .61709711  .05768685
r389  .41414259  .01647718
r390  .67582829  .05732334
r391  .55458109  .05083378
r392  .56506797  .07381083
r393  .44318369  .05434306
r394  .53258423  .06128856
r395  .31386802  .07016986
r396  .50086726  .06342973
r397  .56369625   .0619682
r398  .60335494  .05337337
r399  .46761921    .069316
r400   .3994481  .06387454
r401  .48124094  .05086376
r402  .39923036  .05390026
r403  .53237471  .07438843
r404  .60499509  .06192708
r405  .41115938  .07559909
r406  .38568543  .06323069
r407  .41299548  .07168203
r408  .63275104  .11051382
r409   .4262539  .07870985
r410   .5368173  .04571991
r411  .39955973  .05369449
r412  .51118769  .06067001
r413  .51555258  .08114643
r414  .40931442  .06336624
r415  .68425122  .03533985
r416  .48879929  .06394709
r417    .436188  .05971074
r418  .62558529  .04795119
r419  .36240541  .08384356
r420   .5931148  .05838592
r421  .30833093  .08459127
r422  .39953285  .06855633
r423  .52687556  .05482483
r424  .46748381  .07187298
r425  .43553998  .06389333
r426  .32714271  .07006343
r427  .38323973  .08610431
r428   .4624393  .05833831
r429  .48477035  .07569887
r430  .39867962  .05370218
r431   .4210928  .05672851
r432  .48574481  .05867738
r433  .45989887  .07642429
r434  .33960725  .07363516
r435  .48386805  .05890386
r436  .52143834  .05298549
r437  .62876637  .08887041
r438  .53342273  .06244088
r439  .55090526  .05693213
r440  .41931008  .06631454
r441  .61159622  .07677487
r442  .37056206  .04567601
r443  .64073489  .06435747
r444  .43696742  .06261493
r445  .16932597  .15710895
r446  .60646887  .07697048
r447   .4599387  .05137663
r448  .52436372  .05590806
r449  .52781882  .05399532
r450  .44356397  .07094539
r451  .38106405  .07489175
r452  .60231495  .04810601
r453  .63698467  .06638344
r454  .42787467  .05959925
r455  .34451146  .05539953
r456  .59799923  .07909533
r457  .47812788  .05403528
r458  .64564165  .06700758
r459  .41118141  .05986515
r460  .39755217  .07541334
r461  .43043126  .07516077
r462  .45248077  .08218206
r463  .58405251  .05397421
r464  .34946324  .08405517
r465  .59421969   .0459162
r466   .3827221  .08714135
r467  .55207466  .03619272
r468  .47680099  .05633136
r469  .47536265  .06605461
r470  .23758984  .07402217
r471  .55522368  .05836906
r472  .57393461  .06339389
r473  .59671131  .06006944
r474  .67491652  .04320501
r475  .43215236  .10464442
r476   .4181859  .06530139
r477  .53494492  .05164058
r478  .61942421  .06734939
r479  .51476127   .0743173
r480  .44182388  .05019162
r481  .51699354  .06017629
r482  .35781409  .07377027
r483  .62243292  .06314379
r484  .48069327  .06050282
r485  .39062046  .05476139
r486  .38085604  .08142063
r487  .46995489  .06862326
r488  .72685937  .04320667
r489  .34546157  .06810119
r490  .60436984  .09537111
r491  .57284104  .05884481
r492   .6203321  .06129818
r493  .42517837   .0538677
r494  .40818621   .0702172
r495  .42350771  .04636791
r496   .6498146  .05116588
r497  .55144496  .09070251
r498  .38243437  .06577573
r499  .48714328  .05412141
r500  .63092863  .09783692
r501  .48547293  .05698932
r502  .36270971  .06760622
r503  .40199424  .06010505
r504  .66169837  .04816979
r505  .40532634  .06653552
r506  .34223446  .06104238
r507  .60454104  .05541371
r508  .44100638  .07905287
r509  .33766581  .06386115
r510  .71180184  .03728477
r511  .54492209  .05410986
r512  .43541169  .08672329
r513  .40992185  .09262825
r514  .38507343  .06711221
r515   .5760686  .08582468
r516  .58278695  .09262784
r517  .71800185  .04834987
r518  .25558204  .06201458
r519  .58339199  .06039022
r520  .36310186  .05360359
r521  .64351946  .06912233
r522  .51811264  .07945324
r523  .43150833  .06219816
r524  .40584859  .05811488
r525  .61068072  .05481363
r526   .3683168  .07864699
r527  .32728161  .08897949
r528  .54936406   .0510095
r529  .50896887  .04980755
r530  .45457348   .0774073
r531  .42760326  .06303466
r532  .55220329  .04862176
r533   .4663773  .06176286
r534  .30790885   .0910626
r535  .55469938  .06239182
r536  .52801377  .04062155
r537  .30211321   .0679662
r538  .44327551  .05896897
r539  .62986455   .0489858
r540  .50593597    .078603
r541  .42957257  .07955323
r542  .49401728  .13728177
r543  .47172364  .07085354
r544  .49113021  .04719165
r545  .49054242  .05429235
r546  .31843347  .07764865
r547  .30938372  .06725077
r548  .55799749  .06771095
r549  .59277805  .07975637
r550  .43379518  .08927786
r551  .57471549  .08616848
r552  .49791204  .06130021
r553  .63186424   .0734525
r554  .41232573  .05999536
r555   .6914893  .06235295
r556  .36741886  .07316907
r557  .39005902  .07329514
r558  .44167498  .07627033
r559  .49184633  .06510794
r560  .30913868   .0754689
r561  .40873724  .07127974
r562  .26987765  .07203905
r563  .25912672  .10826715
r564  .59448775  .04614942
r565  .41652427  .06263274
r566  .53980232   .0313671
r567  .74208127  .04952719
r568  .60664639  .04177738
r569  .54586827   .0414599
r570  .42525969  .05707808
r571  .44815648  .05189112
r572  .45100264  .05525096
r573  .52592143  .10733704
r574  .40692708  .07380592
r575  .42148183  .05782962
r576  .71802979  .04948735
r577  .38036798  .06353423
r578  .37714919  .06785031
r579  .44320675  .08280385
r580  .45580387   .0669535
r581  .68644538  .04560802
r582   .4872569  .05287654
r583  .50377092  .08598066
r584  .45031218  .06204264
r585  .40587596  .06762589
r586  .57149611  .07099703
r587  .66761196  .05328273
r588   .4151428  .07543201
r589  .51516558  .04744193
r590   .5217763  .08483456
r591  .60739717  .05579726
r592  .61086386  .06721422
r593  .42741181  .06104078
r594  .56561976  .06232195
r595  .37462141  .08557604
r596  .48392557  .04630837
r597  .53221013  .05779308
r598  .43179277  .06655802
r599  .56590536  .04735644
r600  .49110353   .0484396
r601  .59955173  .06665305
r602  .25648598  .08942434
r603  .56898806  .05496849
r604  .44770339  .07668124
r605  .50238608  .05899062
r606  .34770474  .05577012
r607  .62740327   .0705881
r608  .34271252  .07120719
r609  .48819696  .06939909
r610  .53834223  .06606822
r611  .50667905  .05192343
r612  .53753931  .05769897
r613   .3812515   .0530155
r614   .7115736  .05043745
r615  .40067722  .06893341
r616  .46949102  .06099728
r617  .44992506  .05776414
r618   .5548058  .05785494
r619  .66875239  .06169134
r620  .33028039  .06963642
r621  .33444982  .07182396
r622  .72519741  .05790656
r623  .73421446  .05964197
r624  .53083809  .06120304
r625  .36038478  .06908933
r626  .48947981  .03235776
r627  .55028119  .03778215
r628  .41974121  .06221519
r629  .50678235  .04579904
r630  .42175121  .07695755
r631  .49094222  .05959208
r632  .61844871  .07472018
r633  .53756649  .08328273
r634  .50975378  .06668703
r635  .58581944  .04523811
r636  .55627844  .05482002
r637  .38387327  .07121262
r638  .40838334  .08234675
r639  .51667132  .03560377
r640  .60399405  .06218918
r641  .38692811  .06705287
r642  .50676669  .06112449
r643  .45171131  .06778353
r644  .31355252  .07903344
r645  .54431508  .06943227
r646  .45232926  .06012395
r647  .37971972  .07795322
r648  .40243434  .06368409
r649   .4588623  .05480269
r650  .55275668  .07756345
r651  .48673872  .07325883
r652  .35128894   .0658344
r653  .59980131  .05344651
r654   .4767651  .04288772
r655  .39459856  .06995581
r656  .62175374  .05467853
r657   .2948169  .06495776
r658  .50268584  .05334197
r659  .67367667  .05213255
r660  .37149465  .07392382
r661  .60736528  .05805989
r662  .50353432   .0750563
r663  .46095322  .05322874
r664  .59001477   .0888177
r665  .41212065   .0698485
r666  .43697779  .05661624
r667  .43079791  .05057036
r668  .37752459  .09443656
r669  .45117402  .07769695
r670  .28056328  .07528427
r671  .52912275   .0493205
r672    .558683  .07741041
r673  .34064545  .06237444
r674  .53578813  .07021478
r675  .51255285  .05483849
r676  .38965249  .08259632
r677  .47995864  .04887057
r678  .51730329  .09234015
r679  .49114976  .06183092
r680  .39198181  .07729726
r681  .61281744  .05305116
r682  .79296823  .06200949
r683   .4831351  .06616769
r684  .39554448  .07441313
r685  .46804236  .06913192
r686   .6743404  .05019296
r687  .53299743  .05505589
r688  .56490598  .08720841
r689  .56765407  .06090388
r690  .32800109  .07554149
r691  .47596792  .06516969
r692  .55047022  .06475375
r693    .371824  .07907598
r694  .40700951  .10091703
r695  .33992312  .08729212
r696  .69932386  .06942835
r697  .69721576  .05407688
r698  .38414726  .06174246
r699  .29988136  .07062253
r700    .440605  .06723057
r701   .4417991  .07730977
r702  .47837012  .04739376
r703  .52605892  .04262624
r704   .4115653  .08003698
r705   .4137594  .08224727
r706   .7059254  .05290672
r707  .37181963  .09075841
r708  .48458622  .08507163
r709  .27335299  .07061973
r710  .47725891  .06290828
r711  .36533501  .06349802
r712  .54070671   .0596171
r713  .58927973  .06810781
r714  .35691041  .06052484
r715  .60015222  .05034391
r716  .49349484  .04712503
r717  .41364212  .05847183
r718  .41996087  .07769033
r719  .53587238  .04825521
r720  .39311095  .07838879
r721  .51424689  .03334037
r722  .19774336  .10473821
r723  .35212461  .05952284
r724  .69250255  .04915792
r725  .53020103  .07608599
r726  .44405705   .0604773
r727  .31296003  .08910736
r728   .4071998  .06188888
r729  .36916402  .07156469
r730  .43539319  .06334368
r731   .3877357  .07631112
r732  .55114531  .05011806
r733  .50022237  .07241558
r734  .54959634  .05869584
r735   .4233778  .06697653
r736  .36085294  .06038266
r737  .42348006  .06800185
r738  .64747702  .11074543
r739  .42994483  .06643338
r740   .5373997  .05383682
r741  .58780432  .07056889
r742    .510043  .05156886
r743   .4984353  .07831215
r744  .54897311  .06848897
r745  .53550616  .03130644
r746  .48221307  .05674293
r747  .49171684  .04398537
r748  .57605887  .06541581
r749  .46784142  .05993001
r750  .54534119  .07592965
r751  .61680633   .0564286
r752  .62157601  .09840801
r753  .46647932  .07200667
r754  .42052727  .05496671
r755  .40855451  .07376247
r756  .47598388  .07562801
r757  .58842586   .0537115
r758  .43872058  .06543441
r759   .4990215  .04630663
r760  .33490419  .07711822
r761  .58708508  .04684424
r762  .65688318  .05238003
r763  .46995568   .0603982
r764  .41103773  .07171003
r765  .25289884  .07976372
r766  .39237443  .06386542
r767  .48812589  .05831734
r768  .65370311  .05155583
r769  .45957485  .09057722
r770  .35011547  .06813318
r771  .45813916  .06768411
r772  .51365393  .07064858
r773  .39723956  .08422294
r774   .3749964  .06449578
r775  .29972123  .07496615
r776  .47884255  .06116682
r777  .34663887  .08945664
r778  .54976513  .05362107
r779  .72378361  .05297228
r780   .3838574  .04442585
r781  .32121728  .06743007
r782  .48035659  .05517809
r783  .28339392  .07685643
r784  .55341608  .06920321
r785  .67668943  .04171904
r786  .38122054  .08145613
r787  .37844901  .07049645
r788  .46296889  .07529112
r789  .64098876  .07706204
r790  .44960537  .07296789
r791  .47916025  .04609449
r792  .50034128  .06509671
r793  .48279518  .06421503
r794  .38806418  .08411058
r795  .41018385  .04773471
r796  .59084081  .05828273
r797  .51822706  .05259311
r798  .44814235  .05603381
r799  .46351732  .06742131
r800  .42372801  .10075867
r801   .3273821  .08379181
r802  .62288451  .05971101
r803  .75711255  .04758648
r804  .48480976  .05828744
r805  .48883004   .0529047
r806    .440038  .05899505
r807  .58759089  .08168277
r808  .50790559  .07505049
r809   .3694282  .09041355
r810  .50880264  .06905926
r811  .61794256  .06009097
r812  .53540619  .05910982
r813  .31232937  .07145412
r814   .4297927  .08496014
r815  .51442352  .05153335
r816  .23932151  .08335213
r817  .34541959  .07176483
r818  .66215611  .06621324
r819  .51164491  .07226027
r820  .60726215  .05647045
r821  .48633897  .06175077
r822  .49410103  .06061973
r823  .43350219  .04704024
r824  .62381471  .04425616
r825  .44899617  .06629747
r826  .54049651  .07622681
r827  .65277769  .04929253
r828   .3997033  .06914322
r829  .16095315  .09709354
r830   .5711012  .05797493
r831  .50244368  .06907903
r832  .33850662  .08620494
r833  .38590013  .05008304
r834  .32824932  .07141518
r835  .42795979  .05733251
r836  .46928386  .05197633
r837  .59397139  .02732642
r838  .41397157    .081463
r839  .50579248  .07164214
r840  .47454742  .05479762
r841  .34930196  .06620188
r842  .47867563  .06177734
r843  .44687954  .06728764
r844  .55680259  .05750876
r845  .54956856  .06822636
r846  .24721154  .07602117
r847   .3038445  .07122729
r848  .44958888  .06352175
r849  .53364171  .08254124
r850  .38015069  .07242354
r851  .46020206  .05910381
r852  .53855012    .062777
r853   .4759788  .07683553
r854  .43358711  .07824293
r855  .61449367  .06804185
r856  .35183062  .07436869
r857  .50548574  .06965323
r858  .40320345  .08221975
r859  .67409615  .07410399
r860  .47931441  .05683329
r861  .35163193  .06707938
r862  .37382816  .07564443
r863  .51030575  .07194711
r864  .16869901  .08848919
r865  .43994045  .10718947
r866  .51139544  .05543589
r867  .39488626  .06528094
r868  .52718349  .05919462
r869  .55474196  .05942612
r870  .53104004   .0574065
r871  .46106738   .0651921
r872  .45207673  .06157276
r873   .3238801  .06973313
r874  .53056173  .06603759
r875  .49774432  .05875473
r876  .42458551  .06970007
r877  .50910576  .05753307
r878  .29096562  .08214104
r879  .39195211  .07664109
r880  .33253323  .06311554
r881  .32637464  .07808569
r882  .42844552  .06354726
r883  .52125798  .05216199
r884  .36088742  .07664092
r885   .3282642  .06264332
r886  .33727289  .06397431
r887  .45043052  .05586478
r888  .54825074   .0585119
r889  .45598616  .06977365
r890  .65531705  .03639871
r891  .52262531  .04497669
r892  .48692502   .0596995
r893   .3042408  .06632996
r894  .71933785  .04234024
r895  .52048469  .05295225
r896  .71535633   .0539065
r897  .48230434  .04910405
r898   .4908143  .05805845
r899  .38262963  .07092353
r900  .43253047  .05304428
r901  .61935986  .05709764
r902  .59322042  .07460311
r903  .46818055  .05663291
r904  .53439935  .08169509
r905  .50582991  .05288925
r906  .58315848   .0532612
r907  .36429385  .07497725
r908  .44746443   .0667071
r909  .38736379  .05788226
r910  .46637012  .05447759
r911  .43016205   .0631752
r912  .45895443  .06322187
r913  .45770808  .07215866
r914  .43533217  .06068272
r915   .4996954  .05601509
r916  .19846325  .09877072
r917  .51691664   .0580156
r918  .47586624  .05832089
r919  .60577805  .05632812
r920  .51980144  .04776356
r921  .44216498  .10107867
r922  .29100139  .09466385
r923  .67445508  .05105528
r924  .51388478  .05762879
r925  .48543339   .0628476
r926  .40841851  .05846751
r927  .51143153  .05388588
r928  .47082589  .05385394
r929  .32543687  .07056571
r930  .66289752  .06017737
r931  .37851206  .09599769
r932  .41943798  .08792231
r933   .6262713  .05147418
r934  .52625645  .07339491
r935  .49285199  .07224488
r936  .55110329  .06318805
r937  .53390192  .10795791
r938  .39329953  .07880436
r939  .54501876  .07167533
r940  .43979449  .05999136
r941   .3423915  .07764746
r942  .54841859  .04748648
r943  .40279755   .0576523
r944  .57861528  .05071729
r945  .40441021  .07905742
r946   .4998532  .06005679
r947  .50672799  .07432156
r948  .50580688  .05535896
r949  .58351206  .05200343
r950   .5085198  .06027264
r951  .33917896  .07609991
r952  .46155537  .07821961
r953  .53557676      .0647
r954  .36536245  .07567339
r955  .55304217  .03456565
r956  .56194837  .01881101
r957  .69803669  .05129913
r958  .62173602  .04624335
r959  .43358286  .07142044
r960  .34635197  .08168099
r961   .3668664  .06839842
r962  .64790552  .05813145
r963  .44572946  .05700353
r964   .3598985  .07241779
r965  .39960997  .06675244
r966  .58394228  .04799487
r967  .45668176   .0746648
r968  .44874706  .11940335
r969  .24993566  .07349172
r970  .37892961  .07409833
r971  .47643586  .06061403
r972   .4476346  .05623688
r973   .4362572  .07645467
r974  .40023501  .06906964
r975  .45557334  .07157611
r976  .40828253   .0703387
r977  .59904176  .05305338
r978  .42673315  .07345231
r979  .67997349  .05113975
r980  .35816892  .08226043
r981  .44228569  .03404045
r982  .48757959  .07900411
r983  .37006988   .0616352
r984  .64162512  .06501014
r985  .60125525  .05385231
r986  .36538738  .04128139
r987  .59424266   .0607285
r988   .4935475  .05910928
r989  .51379655   .0612501
r990  .48570653  .08403836
r991  .37315877  .08882548
r992  .53859548  .05421544
r993  .54042122  .05892351
r994  .40786967  .05187378
r995  .68599021  .06118532
r996  .38852642  .07111952
r997   .4542787  .07032349
r998  .58045205  .05990816
r999   .6381791  .07447478
number of observations will be reset to 999
Press any key to continue, or Break to abort
Number of observations (_N) was 0, now 999.
  999
(variables nonmissing or string)

                           lag_dem
-------------------------------------------------------------
      Percentiles      Smallest
 1%     .2470814       .1609531
 5%     .3135525        .168699
10%      .346352        .169326       Obs                 999
25%     .4024343       .1977434       Sum of wgt.         999

50%     .4764359                      Mean            .479305
                        Largest       Std. dev.      .1066796
75%      .550968       .7420813
90%     .6217537       .7571126       Variance       .0113805
95%     .6628975       .7929682       Skewness        .135512
99%     .7193378       .8825199       Kurtosis       2.833431

                         lag_income
-------------------------------------------------------------
      Percentiles      Smallest
 1%     .0333404       .0164772
 5%     .0444258        .018811
10%     .0483499       .0273264       Obs                 999
25%     .0555831       .0285835       Sum of wgt.         999

50%     .0635468                      Mean           .0654136
                        Largest       Std. dev.      .0150525
75%      .074104       .1354884
90%     .0840552       .1372818       Variance       .0002266
95%     .0904135       .1448195       Skewness       .8849593
99%     .1082672       .1571089       Kurtosis       6.120213
(file bootstrap_999_reps.csv not found)
file bootstrap_999_reps.csv saved

. 
. log close
      name:  <unnamed>
       log:  C:/tmp/xtgfe_bootstrap_round2.log
  log type:  text
 closed on:   5 Aug 2026, 17:19:26
-------------------------------------------------------------------------------

. exit, clear STATA

end of do-file
